--------------------------------------------------------------------------------
Release 12.4 Trace  (nt)
Copyright (c) 1995-2010 Xilinx, Inc.  All rights reserved.

C:\Xilinx\12.4\ISE_DS\ISE\bin\nt\unwrapped\trce.exe -intstyle ise -v 3 -s 4 -n
3 -fastpaths -xml CPU_top.twx CPU_top.ncd -o CPU_top.twr CPU_top.pcf -ucf
ucf.ucf

Design file:              CPU_top.ncd
Physical constraint file: CPU_top.pcf
Device,package,speed:     xc3s200,ft256,-4 (PRODUCTION 1.39 2010-11-18)
Report level:             verbose report

Environment Variable      Effect 
--------------------      ------ 
NONE                      No environment variables were set
--------------------------------------------------------------------------------

INFO:Timing:2698 - No timing constraints found, doing default enumeration.
INFO:Timing:2752 - To get complete path coverage, use the unconstrained paths 
   option. All paths that are not constrained will be reported in the 
   unconstrained paths section(s) of the report.
INFO:Timing:3339 - The clock-to-out numbers in this timing report are based on 
   a 50 Ohm transmission line loading model.  For the details of this model, 
   and for more information on accounting for different loading conditions, 
   please see the device datasheet.
INFO:Timing:3390 - This architecture does not support a default System Jitter 
   value, please add SYSTEM_JITTER constraint to the UCF to modify the Clock 
   Uncertainty calculation.
INFO:Timing:3389 - This architecture does not support 'Discrete Jitter' and 
   'Phase Error' calculations, these terms will be zero in the Clock 
   Uncertainty calculation.  Please make appropriate modification to 
   SYSTEM_JITTER to account for the unsupported Discrete Jitter and Phase 
   Error.



Data Sheet report:
-----------------
All values displayed in nanoseconds (ns)

Setup/Hold to clock clk
------------+------------+------------+------------------+--------+
            |Max Setup to|Max Hold to |                  | Clock  |
Source      | clk (edge) | clk (edge) |Internal Clock(s) | Phase  |
------------+------------+------------+------------------+--------+
dptype<0>   |    8.380(R)|   -1.467(R)|clk_BUFGP         |   0.000|
dptype<1>   |    8.064(R)|   -1.781(R)|clk_BUFGP         |   0.000|
regselect<0>|   19.212(R)|   -4.513(R)|clk_BUFGP         |   0.000|
regselect<1>|   13.295(R)|   -3.762(R)|clk_BUFGP         |   0.000|
regselect<2>|   14.853(R)|   -3.735(R)|clk_BUFGP         |   0.000|
regselect<3>|   12.613(R)|   -3.460(R)|clk_BUFGP         |   0.000|
regselect<4>|   12.581(R)|   -3.299(R)|clk_BUFGP         |   0.000|
------------+------------+------------+------------------+--------+

Clock clk to Pad
------------+------------+------------------+--------+
            | clk (edge) |                  | Clock  |
Destination |   to PAD   |Internal Clock(s) | Phase  |
------------+------------+------------------+--------+
node<0>     |   11.539(R)|clk_BUFGP         |   0.000|
node<1>     |   10.410(R)|clk_BUFGP         |   0.000|
node<2>     |    9.730(R)|clk_BUFGP         |   0.000|
node<3>     |    9.801(R)|clk_BUFGP         |   0.000|
segment<0>  |    9.532(R)|clk_BUFGP         |   0.000|
segment<1>  |    8.769(R)|clk_BUFGP         |   0.000|
segment<2>  |   10.716(R)|clk_BUFGP         |   0.000|
segment<3>  |   10.556(R)|clk_BUFGP         |   0.000|
segment<4>  |   10.611(R)|clk_BUFGP         |   0.000|
segment<5>  |    9.906(R)|clk_BUFGP         |   0.000|
segment<6>  |    9.905(R)|clk_BUFGP         |   0.000|
------------+------------+------------------+--------+

Clock to Setup on destination clock clk
---------------+---------+---------+---------+---------+
               | Src:Rise| Src:Fall| Src:Rise| Src:Fall|
Source Clock   |Dest:Rise|Dest:Rise|Dest:Fall|Dest:Fall|
---------------+---------+---------+---------+---------+
clk            |    5.852|         |         |         |
---------------+---------+---------+---------+---------+


Analysis completed Thu Jun 05 10:52:24 2014 
--------------------------------------------------------------------------------

Trace Settings:
-------------------------
Trace Settings 

Peak Memory Usage: 116 MB



